Analysis & Synthesis report for processador_MK10
Fri Apr 30 14:02:19 2021
Quartus Prime Version 20.1.1 Build 720 11/11/2020 SJ Lite Edition


---------------------
; Table of Contents ;
---------------------
  1. Legal Notice
  2. Analysis & Synthesis Summary
  3. Analysis & Synthesis Settings
  4. Parallel Compilation
  5. Analysis & Synthesis Source Files Read
  6. Analysis & Synthesis Resource Usage Summary
  7. Analysis & Synthesis Resource Utilization by Entity
  8. Registers Removed During Synthesis
  9. Removed Registers Triggering Further Register Optimizations
 10. General Register Statistics
 11. Multiplexer Restructuring Statistics (Restructuring Performed)
 12. Post-Synthesis Netlist Statistics for Top Partition
 13. Elapsed Time Per Partition
 14. Analysis & Synthesis Messages



----------------
; Legal Notice ;
----------------
Copyright (C) 2020  Intel Corporation. All rights reserved.
Your use of Intel Corporation's design tools, logic functions 
and other software and tools, and any partner logic 
functions, and any output files from any of the foregoing 
(including device programming or simulation files), and any 
associated documentation or information are expressly subject 
to the terms and conditions of the Intel Program License 
Subscription Agreement, the Intel Quartus Prime License Agreement,
the Intel FPGA IP License Agreement, or other applicable license
agreement, including, without limitation, that your use is for
the sole purpose of programming logic devices manufactured by
Intel and sold by Intel or its authorized distributors.  Please
refer to the applicable agreement for further details, at
https://fpgasoftware.intel.com/eula.



+-------------------------------------------------------------------------------+
; Analysis & Synthesis Summary                                                  ;
+---------------------------------+---------------------------------------------+
; Analysis & Synthesis Status     ; Successful - Fri Apr 30 14:02:19 2021       ;
; Quartus Prime Version           ; 20.1.1 Build 720 11/11/2020 SJ Lite Edition ;
; Revision Name                   ; processador_MK10                            ;
; Top-level Entity Name           ; processador_MK10                            ;
; Family                          ; Cyclone V                                   ;
; Logic utilization (in ALMs)     ; N/A                                         ;
; Total registers                 ; 8                                           ;
; Total pins                      ; 69                                          ;
; Total virtual pins              ; 0                                           ;
; Total block memory bits         ; 0                                           ;
; Total DSP Blocks                ; 0                                           ;
; Total HSSI RX PCSs              ; 0                                           ;
; Total HSSI PMA RX Deserializers ; 0                                           ;
; Total HSSI TX PCSs              ; 0                                           ;
; Total HSSI PMA TX Serializers   ; 0                                           ;
; Total PLLs                      ; 0                                           ;
; Total DLLs                      ; 0                                           ;
+---------------------------------+---------------------------------------------+


+---------------------------------------------------------------------------------------------------------------------------+
; Analysis & Synthesis Settings                                                                                             ;
+---------------------------------------------------------------------------------+--------------------+--------------------+
; Option                                                                          ; Setting            ; Default Value      ;
+---------------------------------------------------------------------------------+--------------------+--------------------+
; Device                                                                          ; 5CGXFC7C7F23C8     ;                    ;
; Top-level entity name                                                           ; processador_MK10   ; processador_MK10   ;
; Family name                                                                     ; Cyclone V          ; Cyclone V          ;
; Use smart compilation                                                           ; Off                ; Off                ;
; Enable parallel Assembler and Timing Analyzer during compilation                ; On                 ; On                 ;
; Enable compact report table                                                     ; Off                ; Off                ;
; Restructure Multiplexers                                                        ; Auto               ; Auto               ;
; MLAB Add Timing Constraints For Mixed-Port Feed-Through Mode Setting Don't Care ; Off                ; Off                ;
; Create Debugging Nodes for IP Cores                                             ; Off                ; Off                ;
; Preserve fewer node names                                                       ; On                 ; On                 ;
; Intel FPGA IP Evaluation Mode                                                   ; Enable             ; Enable             ;
; Verilog Version                                                                 ; Verilog_2001       ; Verilog_2001       ;
; VHDL Version                                                                    ; VHDL_1993          ; VHDL_1993          ;
; State Machine Processing                                                        ; Auto               ; Auto               ;
; Safe State Machine                                                              ; Off                ; Off                ;
; Extract Verilog State Machines                                                  ; On                 ; On                 ;
; Extract VHDL State Machines                                                     ; On                 ; On                 ;
; Ignore Verilog initial constructs                                               ; Off                ; Off                ;
; Iteration limit for constant Verilog loops                                      ; 5000               ; 5000               ;
; Iteration limit for non-constant Verilog loops                                  ; 250                ; 250                ;
; Add Pass-Through Logic to Inferred RAMs                                         ; On                 ; On                 ;
; Infer RAMs from Raw Logic                                                       ; On                 ; On                 ;
; Parallel Synthesis                                                              ; On                 ; On                 ;
; DSP Block Balancing                                                             ; Auto               ; Auto               ;
; NOT Gate Push-Back                                                              ; On                 ; On                 ;
; Power-Up Don't Care                                                             ; On                 ; On                 ;
; Remove Redundant Logic Cells                                                    ; Off                ; Off                ;
; Remove Duplicate Registers                                                      ; On                 ; On                 ;
; Ignore CARRY Buffers                                                            ; Off                ; Off                ;
; Ignore CASCADE Buffers                                                          ; Off                ; Off                ;
; Ignore GLOBAL Buffers                                                           ; Off                ; Off                ;
; Ignore ROW GLOBAL Buffers                                                       ; Off                ; Off                ;
; Ignore LCELL Buffers                                                            ; Off                ; Off                ;
; Ignore SOFT Buffers                                                             ; On                 ; On                 ;
; Limit AHDL Integers to 32 Bits                                                  ; Off                ; Off                ;
; Optimization Technique                                                          ; Balanced           ; Balanced           ;
; Carry Chain Length                                                              ; 70                 ; 70                 ;
; Auto Carry Chains                                                               ; On                 ; On                 ;
; Auto Open-Drain Pins                                                            ; On                 ; On                 ;
; Perform WYSIWYG Primitive Resynthesis                                           ; Off                ; Off                ;
; Auto ROM Replacement                                                            ; On                 ; On                 ;
; Auto RAM Replacement                                                            ; On                 ; On                 ;
; Auto DSP Block Replacement                                                      ; On                 ; On                 ;
; Auto Shift Register Replacement                                                 ; Auto               ; Auto               ;
; Allow Shift Register Merging across Hierarchies                                 ; Auto               ; Auto               ;
; Auto Clock Enable Replacement                                                   ; On                 ; On                 ;
; Strict RAM Replacement                                                          ; Off                ; Off                ;
; Allow Synchronous Control Signals                                               ; On                 ; On                 ;
; Force Use of Synchronous Clear Signals                                          ; Off                ; Off                ;
; Auto Resource Sharing                                                           ; Off                ; Off                ;
; Allow Any RAM Size For Recognition                                              ; Off                ; Off                ;
; Allow Any ROM Size For Recognition                                              ; Off                ; Off                ;
; Allow Any Shift Register Size For Recognition                                   ; Off                ; Off                ;
; Use LogicLock Constraints during Resource Balancing                             ; On                 ; On                 ;
; Ignore translate_off and synthesis_off directives                               ; Off                ; Off                ;
; Timing-Driven Synthesis                                                         ; On                 ; On                 ;
; Report Parameter Settings                                                       ; On                 ; On                 ;
; Report Source Assignments                                                       ; On                 ; On                 ;
; Report Connectivity Checks                                                      ; On                 ; On                 ;
; Ignore Maximum Fan-Out Assignments                                              ; Off                ; Off                ;
; Synchronization Register Chain Length                                           ; 3                  ; 3                  ;
; Power Optimization During Synthesis                                             ; Normal compilation ; Normal compilation ;
; HDL message level                                                               ; Level2             ; Level2             ;
; Suppress Register Optimization Related Messages                                 ; Off                ; Off                ;
; Number of Removed Registers Reported in Synthesis Report                        ; 5000               ; 5000               ;
; Number of Swept Nodes Reported in Synthesis Report                              ; 5000               ; 5000               ;
; Number of Inverted Registers Reported in Synthesis Report                       ; 100                ; 100                ;
; Clock MUX Protection                                                            ; On                 ; On                 ;
; Auto Gated Clock Conversion                                                     ; Off                ; Off                ;
; Block Design Naming                                                             ; Auto               ; Auto               ;
; SDC constraint protection                                                       ; Off                ; Off                ;
; Synthesis Effort                                                                ; Auto               ; Auto               ;
; Shift Register Replacement - Allow Asynchronous Clear Signal                    ; On                 ; On                 ;
; Pre-Mapping Resynthesis Optimization                                            ; Off                ; Off                ;
; Analysis & Synthesis Message Level                                              ; Medium             ; Medium             ;
; Disable Register Merging Across Hierarchies                                     ; Auto               ; Auto               ;
; Resource Aware Inference For Block RAM                                          ; On                 ; On                 ;
; Automatic Parallel Synthesis                                                    ; On                 ; On                 ;
; Partial Reconfiguration Bitstream ID                                            ; Off                ; Off                ;
+---------------------------------------------------------------------------------+--------------------+--------------------+


+------------------------------------------+
; Parallel Compilation                     ;
+----------------------------+-------------+
; Processors                 ; Number      ;
+----------------------------+-------------+
; Number detected on machine ; 4           ;
; Maximum allowed            ; 2           ;
;                            ;             ;
; Average used               ; 1.00        ;
; Maximum used               ; 2           ;
;                            ;             ;
; Usage by Processor         ; % Time Used ;
;     Processor 1            ; 100.0%      ;
;     Processor 2            ;   0.0%      ;
+----------------------------+-------------+


+------------------------------------------------------------------------------------------------------------------------------------------------------------------------------------------------------------------------------+
; Analysis & Synthesis Source Files Read                                                                                                                                                                                       ;
+----------------------------------------------------------+-----------------+-----------------+---------------------------------------------------------------------------------------------------------------------+---------+
; File Name with User-Entered Path                         ; Used in Netlist ; File Type       ; File Name with Absolute Path                                                                                        ; Library ;
+----------------------------------------------------------+-----------------+-----------------+---------------------------------------------------------------------------------------------------------------------+---------+
; COMPONENTS/add/add.vhd                                   ; yes             ; User VHDL File  ; D:/TestProcessador/AOC_Matheus_Kevin_UFRR_2020/PROCESSADOR/COMPONENTS/add/add.vhd                                   ;         ;
; COMPONENTS/ula/zero.vhd                                  ; yes             ; User VHDL File  ; D:/TestProcessador/AOC_Matheus_Kevin_UFRR_2020/PROCESSADOR/COMPONENTS/ula/zero.vhd                                  ;         ;
; COMPONENTS/ula/ula.vhd                                   ; yes             ; User VHDL File  ; D:/TestProcessador/AOC_Matheus_Kevin_UFRR_2020/PROCESSADOR/COMPONENTS/ula/ula.vhd                                   ;         ;
; COMPONENTS/sign_extension/sign_extension_4_8.vhd         ; yes             ; User VHDL File  ; D:/TestProcessador/AOC_Matheus_Kevin_UFRR_2020/PROCESSADOR/COMPONENTS/sign_extension/sign_extension_4_8.vhd         ;         ;
; COMPONENTS/sign_extension/sign_extension_2_8.vhd         ; yes             ; User VHDL File  ; D:/TestProcessador/AOC_Matheus_Kevin_UFRR_2020/PROCESSADOR/COMPONENTS/sign_extension/sign_extension_2_8.vhd         ;         ;
; COMPONENTS/registers/banco_registrador.vhd               ; yes             ; User VHDL File  ; D:/TestProcessador/AOC_Matheus_Kevin_UFRR_2020/PROCESSADOR/COMPONENTS/registers/banco_registrador.vhd               ;         ;
; COMPONENTS/Pc/pc.vhd                                     ; yes             ; User VHDL File  ; D:/TestProcessador/AOC_Matheus_Kevin_UFRR_2020/PROCESSADOR/COMPONENTS/Pc/pc.vhd                                     ;         ;
; COMPONENTS/multiplex/multiplexador.vhd                   ; yes             ; User VHDL File  ; D:/TestProcessador/AOC_Matheus_Kevin_UFRR_2020/PROCESSADOR/COMPONENTS/multiplex/multiplexador.vhd                   ;         ;
; COMPONENTS/memory_rom/single_port_rom.vhd                ; yes             ; User VHDL File  ; D:/TestProcessador/AOC_Matheus_Kevin_UFRR_2020/PROCESSADOR/COMPONENTS/memory_rom/single_port_rom.vhd                ;         ;
; COMPONENTS/memory_ram/ram.vhd                            ; yes             ; User VHDL File  ; D:/TestProcessador/AOC_Matheus_Kevin_UFRR_2020/PROCESSADOR/COMPONENTS/memory_ram/ram.vhd                            ;         ;
; COMPONENTS/gates/p_and.vhd                               ; yes             ; User VHDL File  ; D:/TestProcessador/AOC_Matheus_Kevin_UFRR_2020/PROCESSADOR/COMPONENTS/gates/p_and.vhd                               ;         ;
; COMPONENTS/division_instruction/division_instruction.vhd ; yes             ; User VHDL File  ; D:/TestProcessador/AOC_Matheus_Kevin_UFRR_2020/PROCESSADOR/COMPONENTS/division_instruction/division_instruction.vhd ;         ;
; COMPONENTS/control/unit_control.vhd                      ; yes             ; User VHDL File  ; D:/TestProcessador/AOC_Matheus_Kevin_UFRR_2020/PROCESSADOR/COMPONENTS/control/unit_control.vhd                      ;         ;
; processador_MK10.vhd                                     ; yes             ; User VHDL File  ; D:/TestProcessador/AOC_Matheus_Kevin_UFRR_2020/PROCESSADOR/processador_MK10.vhd                                     ;         ;
+----------------------------------------------------------+-----------------+-----------------+---------------------------------------------------------------------------------------------------------------------+---------+


+-----------------------------------------------------------------------------------+
; Analysis & Synthesis Resource Usage Summary                                       ;
+---------------------------------------------+-------------------------------------+
; Resource                                    ; Usage                               ;
+---------------------------------------------+-------------------------------------+
; Estimate of Logic utilization (ALMs needed) ; 5                                   ;
;                                             ;                                     ;
; Combinational ALUT usage for logic          ; 10                                  ;
;     -- 7 input functions                    ; 0                                   ;
;     -- 6 input functions                    ; 0                                   ;
;     -- 5 input functions                    ; 1                                   ;
;     -- 4 input functions                    ; 1                                   ;
;     -- <=3 input functions                  ; 8                                   ;
;                                             ;                                     ;
; Dedicated logic registers                   ; 8                                   ;
;                                             ;                                     ;
; I/O pins                                    ; 69                                  ;
;                                             ;                                     ;
; Total DSP Blocks                            ; 0                                   ;
;                                             ;                                     ;
; Maximum fan-out node                        ; single_port_rom:port_map_rom|Mux6~1 ;
; Maximum fan-out                             ; 18                                  ;
; Total fan-out                               ; 135                                 ;
; Average fan-out                             ; 0.87                                ;
+---------------------------------------------+-------------------------------------+


+-------------------------------------------------------------------------------------------------------------------------------------------------------------------------------------------------------------------------------+
; Analysis & Synthesis Resource Utilization by Entity                                                                                                                                                                           ;
+-----------------------------------+---------------------+---------------------------+-------------------+------------+------+--------------+------------------------------------------------+------------------+--------------+
; Compilation Hierarchy Node        ; Combinational ALUTs ; Dedicated Logic Registers ; Block Memory Bits ; DSP Blocks ; Pins ; Virtual Pins ; Full Hierarchy Name                            ; Entity Name      ; Library Name ;
+-----------------------------------+---------------------+---------------------------+-------------------+------------+------+--------------+------------------------------------------------+------------------+--------------+
; |processador_MK10                 ; 10 (0)              ; 8 (0)                     ; 0                 ; 0          ; 69   ; 0            ; |processador_MK10                              ; processador_MK10 ; work         ;
;    |add:port_map_addr|            ; 7 (7)               ; 0 (0)                     ; 0                 ; 0          ; 0    ; 0            ; |processador_MK10|add:port_map_addr            ; add              ; work         ;
;    |pc:port_map_pc|               ; 1 (1)               ; 8 (8)                     ; 0                 ; 0          ; 0    ; 0            ; |processador_MK10|pc:port_map_pc               ; pc               ; work         ;
;    |single_port_rom:port_map_rom| ; 2 (2)               ; 0 (0)                     ; 0                 ; 0          ; 0    ; 0            ; |processador_MK10|single_port_rom:port_map_rom ; single_port_rom  ; work         ;
+-----------------------------------+---------------------+---------------------------+-------------------+------------+------+--------------+------------------------------------------------+------------------+--------------+
Note: For table entries with two numbers listed, the numbers in parentheses indicate the number of resources of the given type used by the specific entity alone. The numbers listed outside of parentheses indicate the total resources of the given type used by the specific entity and all of its sub-entities in the hierarchy.


+--------------------------------------------------------------------------------------------------------+
; Registers Removed During Synthesis                                                                     ;
+----------------------------------------------------------+---------------------------------------------+
; Register name                                            ; Reason for Removal                          ;
+----------------------------------------------------------+---------------------------------------------+
; ram:port_map_ram|outS[0..7]                              ; Stuck at GND due to stuck port clock_enable ;
; banco_registrador:port_map_banco_de_registradores|reg~19 ; Stuck at GND due to stuck port data_in      ;
; banco_registrador:port_map_banco_de_registradores|reg~27 ; Stuck at GND due to stuck port data_in      ;
; banco_registrador:port_map_banco_de_registradores|reg~20 ; Stuck at GND due to stuck port data_in      ;
; banco_registrador:port_map_banco_de_registradores|reg~28 ; Stuck at GND due to stuck port data_in      ;
; banco_registrador:port_map_banco_de_registradores|reg~21 ; Stuck at GND due to stuck port data_in      ;
; banco_registrador:port_map_banco_de_registradores|reg~29 ; Stuck at GND due to stuck port data_in      ;
; banco_registrador:port_map_banco_de_registradores|reg~22 ; Stuck at GND due to stuck port data_in      ;
; banco_registrador:port_map_banco_de_registradores|reg~30 ; Stuck at GND due to stuck port data_in      ;
; banco_registrador:port_map_banco_de_registradores|reg~23 ; Stuck at GND due to stuck port data_in      ;
; banco_registrador:port_map_banco_de_registradores|reg~31 ; Stuck at GND due to stuck port data_in      ;
; banco_registrador:port_map_banco_de_registradores|reg~24 ; Stuck at GND due to stuck port data_in      ;
; banco_registrador:port_map_banco_de_registradores|reg~32 ; Stuck at GND due to stuck port data_in      ;
; banco_registrador:port_map_banco_de_registradores|reg~25 ; Stuck at GND due to stuck port data_in      ;
; banco_registrador:port_map_banco_de_registradores|reg~33 ; Stuck at GND due to stuck port data_in      ;
; banco_registrador:port_map_banco_de_registradores|reg~26 ; Stuck at GND due to stuck port data_in      ;
; banco_registrador:port_map_banco_de_registradores|reg~34 ; Stuck at GND due to stuck port data_in      ;
; banco_registrador:port_map_banco_de_registradores|reg~11 ; Stuck at GND due to stuck port data_in      ;
; banco_registrador:port_map_banco_de_registradores|reg~35 ; Stuck at GND due to stuck port data_in      ;
; banco_registrador:port_map_banco_de_registradores|reg~36 ; Stuck at GND due to stuck port data_in      ;
; banco_registrador:port_map_banco_de_registradores|reg~37 ; Stuck at GND due to stuck port data_in      ;
; banco_registrador:port_map_banco_de_registradores|reg~38 ; Stuck at GND due to stuck port data_in      ;
; banco_registrador:port_map_banco_de_registradores|reg~39 ; Stuck at GND due to stuck port data_in      ;
; banco_registrador:port_map_banco_de_registradores|reg~40 ; Stuck at GND due to stuck port data_in      ;
; banco_registrador:port_map_banco_de_registradores|reg~41 ; Stuck at GND due to stuck port data_in      ;
; banco_registrador:port_map_banco_de_registradores|reg~42 ; Stuck at GND due to stuck port data_in      ;
; banco_registrador:port_map_banco_de_registradores|reg~12 ; Stuck at GND due to stuck port data_in      ;
; banco_registrador:port_map_banco_de_registradores|reg~13 ; Stuck at GND due to stuck port data_in      ;
; banco_registrador:port_map_banco_de_registradores|reg~14 ; Stuck at GND due to stuck port data_in      ;
; banco_registrador:port_map_banco_de_registradores|reg~15 ; Stuck at GND due to stuck port data_in      ;
; banco_registrador:port_map_banco_de_registradores|reg~16 ; Stuck at GND due to stuck port data_in      ;
; banco_registrador:port_map_banco_de_registradores|reg~17 ; Stuck at GND due to stuck port data_in      ;
; banco_registrador:port_map_banco_de_registradores|reg~18 ; Stuck at GND due to stuck port data_in      ;
; Total Number of Removed Registers = 40                   ;                                             ;
+----------------------------------------------------------+---------------------------------------------+


+--------------------------------------------------------------------------------------------------------------------------------------------------+
; Removed Registers Triggering Further Register Optimizations                                                                                      ;
+----------------------------------------------------------+---------------------------+-----------------------------------------------------------+
; Register name                                            ; Reason for Removal        ; Registers Removed due to This Register                    ;
+----------------------------------------------------------+---------------------------+-----------------------------------------------------------+
; banco_registrador:port_map_banco_de_registradores|reg~19 ; Stuck at GND              ; banco_registrador:port_map_banco_de_registradores|reg~11, ;
;                                                          ; due to stuck port data_in ; banco_registrador:port_map_banco_de_registradores|reg~35, ;
;                                                          ;                           ; banco_registrador:port_map_banco_de_registradores|reg~36, ;
;                                                          ;                           ; banco_registrador:port_map_banco_de_registradores|reg~37, ;
;                                                          ;                           ; banco_registrador:port_map_banco_de_registradores|reg~38, ;
;                                                          ;                           ; banco_registrador:port_map_banco_de_registradores|reg~39, ;
;                                                          ;                           ; banco_registrador:port_map_banco_de_registradores|reg~40, ;
;                                                          ;                           ; banco_registrador:port_map_banco_de_registradores|reg~12, ;
;                                                          ;                           ; banco_registrador:port_map_banco_de_registradores|reg~13, ;
;                                                          ;                           ; banco_registrador:port_map_banco_de_registradores|reg~14, ;
;                                                          ;                           ; banco_registrador:port_map_banco_de_registradores|reg~15, ;
;                                                          ;                           ; banco_registrador:port_map_banco_de_registradores|reg~16, ;
;                                                          ;                           ; banco_registrador:port_map_banco_de_registradores|reg~17, ;
;                                                          ;                           ; banco_registrador:port_map_banco_de_registradores|reg~18  ;
+----------------------------------------------------------+---------------------------+-----------------------------------------------------------+


+------------------------------------------------------+
; General Register Statistics                          ;
+----------------------------------------------+-------+
; Statistic                                    ; Value ;
+----------------------------------------------+-------+
; Total registers                              ; 8     ;
; Number of registers using Synchronous Clear  ; 0     ;
; Number of registers using Synchronous Load   ; 0     ;
; Number of registers using Asynchronous Clear ; 0     ;
; Number of registers using Asynchronous Load  ; 0     ;
; Number of registers using Clock Enable       ; 0     ;
; Number of registers using Preset             ; 0     ;
+----------------------------------------------+-------+


+-------------------------------------------------------------------------------------------------------------------------------------------------------+
; Multiplexer Restructuring Statistics (Restructuring Performed)                                                                                        ;
+--------------------+-----------+---------------+----------------------+------------------------+------------+-----------------------------------------+
; Multiplexer Inputs ; Bus Width ; Baseline Area ; Area if Restructured ; Saving if Restructured ; Registered ; Example Multiplexer Output              ;
+--------------------+-----------+---------------+----------------------+------------------------+------------+-----------------------------------------+
; 1:1                ; 16 bits   ; 0 LEs         ; 0 LEs                ; 0 LEs                  ; No         ; |processador_MK10|ula:port_map_ula|Add0 ;
+--------------------+-----------+---------------+----------------------+------------------------+------------+-----------------------------------------+


+-----------------------------------------------------+
; Post-Synthesis Netlist Statistics for Top Partition ;
+-----------------------+-----------------------------+
; Type                  ; Count                       ;
+-----------------------+-----------------------------+
; arriav_ff             ; 8                           ;
;     plain             ; 8                           ;
; arriav_lcell_comb     ; 11                          ;
;     arith             ; 7                           ;
;         1 data inputs ; 6                           ;
;         2 data inputs ; 1                           ;
;     normal            ; 4                           ;
;         0 data inputs ; 1                           ;
;         1 data inputs ; 1                           ;
;         4 data inputs ; 1                           ;
;         5 data inputs ; 1                           ;
; boundary_port         ; 69                          ;
;                       ;                             ;
; Max LUT depth         ; 2.00                        ;
; Average LUT depth     ; 1.40                        ;
+-----------------------+-----------------------------+


+-------------------------------+
; Elapsed Time Per Partition    ;
+----------------+--------------+
; Partition Name ; Elapsed Time ;
+----------------+--------------+
; Top            ; 00:00:01     ;
+----------------+--------------+


+-------------------------------+
; Analysis & Synthesis Messages ;
+-------------------------------+
Info: *******************************************************************
Info: Running Quartus Prime Analysis & Synthesis
    Info: Version 20.1.1 Build 720 11/11/2020 SJ Lite Edition
    Info: Processing started: Fri Apr 30 14:01:46 2021
Info: Command: quartus_map --read_settings_files=on --write_settings_files=off processador_MK10 -c processador_MK10
Warning (18236): Number of processors has not been specified which may cause overloading on shared machines.  Set the global assignment NUM_PARALLEL_PROCESSORS in your QSF to an appropriate value for best performance.
Info (20030): Parallel compilation is enabled and will use 2 of the 2 processors detected
Info (12021): Found 2 design units, including 1 entities, in source file components/add/add.vhd
    Info (12022): Found design unit 1: add-main File: D:/TestProcessador/AOC_Matheus_Kevin_UFRR_2020/PROCESSADOR/COMPONENTS/add/add.vhd Line: 12
    Info (12023): Found entity 1: add File: D:/TestProcessador/AOC_Matheus_Kevin_UFRR_2020/PROCESSADOR/COMPONENTS/add/add.vhd Line: 5
Info (12021): Found 2 design units, including 1 entities, in source file components/ula/zero.vhd
    Info (12022): Found design unit 1: zero-main File: D:/TestProcessador/AOC_Matheus_Kevin_UFRR_2020/PROCESSADOR/COMPONENTS/ula/zero.vhd Line: 11
    Info (12023): Found entity 1: zero File: D:/TestProcessador/AOC_Matheus_Kevin_UFRR_2020/PROCESSADOR/COMPONENTS/ula/zero.vhd Line: 4
Info (12021): Found 2 design units, including 1 entities, in source file components/ula/ula.vhd
    Info (12022): Found design unit 1: ula-main File: D:/TestProcessador/AOC_Matheus_Kevin_UFRR_2020/PROCESSADOR/COMPONENTS/ula/ula.vhd Line: 16
    Info (12023): Found entity 1: ula File: D:/TestProcessador/AOC_Matheus_Kevin_UFRR_2020/PROCESSADOR/COMPONENTS/ula/ula.vhd Line: 6
Info (12021): Found 2 design units, including 1 entities, in source file components/sign_extension/sign_extension_4_8.vhd
    Info (12022): Found design unit 1: sign_extension_4_8-behavior File: D:/TestProcessador/AOC_Matheus_Kevin_UFRR_2020/PROCESSADOR/COMPONENTS/sign_extension/sign_extension_4_8.vhd Line: 20
    Info (12023): Found entity 1: sign_extension_4_8 File: D:/TestProcessador/AOC_Matheus_Kevin_UFRR_2020/PROCESSADOR/COMPONENTS/sign_extension/sign_extension_4_8.vhd Line: 13
Info (12021): Found 2 design units, including 1 entities, in source file components/sign_extension/sign_extension_2_8.vhd
    Info (12022): Found design unit 1: sign_extension_2_8-behavior File: D:/TestProcessador/AOC_Matheus_Kevin_UFRR_2020/PROCESSADOR/COMPONENTS/sign_extension/sign_extension_2_8.vhd Line: 20
    Info (12023): Found entity 1: sign_extension_2_8 File: D:/TestProcessador/AOC_Matheus_Kevin_UFRR_2020/PROCESSADOR/COMPONENTS/sign_extension/sign_extension_2_8.vhd Line: 13
Info (12021): Found 2 design units, including 1 entities, in source file components/registers/banco_registrador.vhd
    Info (12022): Found design unit 1: banco_registrador-behavior File: D:/TestProcessador/AOC_Matheus_Kevin_UFRR_2020/PROCESSADOR/COMPONENTS/registers/banco_registrador.vhd Line: 26
    Info (12023): Found entity 1: banco_registrador File: D:/TestProcessador/AOC_Matheus_Kevin_UFRR_2020/PROCESSADOR/COMPONENTS/registers/banco_registrador.vhd Line: 13
Info (12021): Found 2 design units, including 1 entities, in source file components/pc/pc.vhd
    Info (12022): Found design unit 1: pc-main File: D:/TestProcessador/AOC_Matheus_Kevin_UFRR_2020/PROCESSADOR/COMPONENTS/Pc/pc.vhd Line: 20
    Info (12023): Found entity 1: pc File: D:/TestProcessador/AOC_Matheus_Kevin_UFRR_2020/PROCESSADOR/COMPONENTS/Pc/pc.vhd Line: 12
Info (12021): Found 2 design units, including 1 entities, in source file components/multiplier/multiplier.vhdl
    Info (12022): Found design unit 1: multiplier-main File: D:/TestProcessador/AOC_Matheus_Kevin_UFRR_2020/PROCESSADOR/COMPONENTS/multiplier/multiplier.vhdl Line: 23
    Info (12023): Found entity 1: multiplier File: D:/TestProcessador/AOC_Matheus_Kevin_UFRR_2020/PROCESSADOR/COMPONENTS/multiplier/multiplier.vhdl Line: 11
Info (12021): Found 2 design units, including 1 entities, in source file components/multiplex/multiplexador.vhd
    Info (12022): Found design unit 1: multiplexador-main File: D:/TestProcessador/AOC_Matheus_Kevin_UFRR_2020/PROCESSADOR/COMPONENTS/multiplex/multiplexador.vhd Line: 21
    Info (12023): Found entity 1: multiplexador File: D:/TestProcessador/AOC_Matheus_Kevin_UFRR_2020/PROCESSADOR/COMPONENTS/multiplex/multiplexador.vhd Line: 12
Info (12021): Found 2 design units, including 1 entities, in source file components/memory_rom/single_port_rom.vhd
    Info (12022): Found design unit 1: single_port_rom-behavior File: D:/TestProcessador/AOC_Matheus_Kevin_UFRR_2020/PROCESSADOR/COMPONENTS/memory_rom/single_port_rom.vhd Line: 20
    Info (12023): Found entity 1: single_port_rom File: D:/TestProcessador/AOC_Matheus_Kevin_UFRR_2020/PROCESSADOR/COMPONENTS/memory_rom/single_port_rom.vhd Line: 13
Info (12021): Found 2 design units, including 1 entities, in source file components/memory_ram/ram.vhd
    Info (12022): Found design unit 1: ram-main File: D:/TestProcessador/AOC_Matheus_Kevin_UFRR_2020/PROCESSADOR/COMPONENTS/memory_ram/ram.vhd Line: 27
    Info (12023): Found entity 1: ram File: D:/TestProcessador/AOC_Matheus_Kevin_UFRR_2020/PROCESSADOR/COMPONENTS/memory_ram/ram.vhd Line: 14
Info (12021): Found 2 design units, including 1 entities, in source file components/gates/p_and.vhd
    Info (12022): Found design unit 1: p_and-behavior File: D:/TestProcessador/AOC_Matheus_Kevin_UFRR_2020/PROCESSADOR/COMPONENTS/gates/p_and.vhd Line: 20
    Info (12023): Found entity 1: p_and File: D:/TestProcessador/AOC_Matheus_Kevin_UFRR_2020/PROCESSADOR/COMPONENTS/gates/p_and.vhd Line: 12
Info (12021): Found 2 design units, including 1 entities, in source file components/division_instruction/division_instruction.vhd
    Info (12022): Found design unit 1: division_instruction-behavior File: D:/TestProcessador/AOC_Matheus_Kevin_UFRR_2020/PROCESSADOR/COMPONENTS/division_instruction/division_instruction.vhd Line: 22
    Info (12023): Found entity 1: division_instruction File: D:/TestProcessador/AOC_Matheus_Kevin_UFRR_2020/PROCESSADOR/COMPONENTS/division_instruction/division_instruction.vhd Line: 12
Info (12021): Found 2 design units, including 1 entities, in source file components/control/unit_control.vhd
    Info (12022): Found design unit 1: unit_control-behavior File: D:/TestProcessador/AOC_Matheus_Kevin_UFRR_2020/PROCESSADOR/COMPONENTS/control/unit_control.vhd Line: 27
    Info (12023): Found entity 1: unit_control File: D:/TestProcessador/AOC_Matheus_Kevin_UFRR_2020/PROCESSADOR/COMPONENTS/control/unit_control.vhd Line: 12
Info (12021): Found 2 design units, including 1 entities, in source file components/subtrator/subtrator.vhdl
    Info (12022): Found design unit 1: subtrator-main File: D:/TestProcessador/AOC_Matheus_Kevin_UFRR_2020/PROCESSADOR/COMPONENTS/subtrator/subtrator.vhdl Line: 23
    Info (12023): Found entity 1: subtrator File: D:/TestProcessador/AOC_Matheus_Kevin_UFRR_2020/PROCESSADOR/COMPONENTS/subtrator/subtrator.vhdl Line: 13
Info (12021): Found 2 design units, including 1 entities, in source file processador_mk10.vhd
    Info (12022): Found design unit 1: processador_MK10-main File: D:/TestProcessador/AOC_Matheus_Kevin_UFRR_2020/PROCESSADOR/processador_MK10.vhd Line: 29
    Info (12023): Found entity 1: processador_MK10 File: D:/TestProcessador/AOC_Matheus_Kevin_UFRR_2020/PROCESSADOR/processador_MK10.vhd Line: 4
Info (12127): Elaborating entity "processador_MK10" for the top level hierarchy
Info (12128): Elaborating entity "add" for hierarchy "add:port_map_addr" File: D:/TestProcessador/AOC_Matheus_Kevin_UFRR_2020/PROCESSADOR/processador_MK10.vhd Line: 204
Warning (10492): VHDL Process Statement warning at add.vhd(16): signal "inPort" is read inside the Process Statement but isn't in the Process Statement's sensitivity list File: D:/TestProcessador/AOC_Matheus_Kevin_UFRR_2020/PROCESSADOR/COMPONENTS/add/add.vhd Line: 16
Info (12128): Elaborating entity "pc" for hierarchy "pc:port_map_pc" File: D:/TestProcessador/AOC_Matheus_Kevin_UFRR_2020/PROCESSADOR/processador_MK10.vhd Line: 205
Info (12128): Elaborating entity "single_port_rom" for hierarchy "single_port_rom:port_map_rom" File: D:/TestProcessador/AOC_Matheus_Kevin_UFRR_2020/PROCESSADOR/processador_MK10.vhd Line: 206
Info (12128): Elaborating entity "division_instruction" for hierarchy "division_instruction:port_map_divisao_intrucao" File: D:/TestProcessador/AOC_Matheus_Kevin_UFRR_2020/PROCESSADOR/processador_MK10.vhd Line: 207
Info (12128): Elaborating entity "unit_control" for hierarchy "unit_control:port_map_unidade_de_controle" File: D:/TestProcessador/AOC_Matheus_Kevin_UFRR_2020/PROCESSADOR/processador_MK10.vhd Line: 208
Warning (10492): VHDL Process Statement warning at unit_control.vhd(31): signal "op_code" is read inside the Process Statement but isn't in the Process Statement's sensitivity list File: D:/TestProcessador/AOC_Matheus_Kevin_UFRR_2020/PROCESSADOR/COMPONENTS/control/unit_control.vhd Line: 31
Info (12128): Elaborating entity "banco_registrador" for hierarchy "banco_registrador:port_map_banco_de_registradores" File: D:/TestProcessador/AOC_Matheus_Kevin_UFRR_2020/PROCESSADOR/processador_MK10.vhd Line: 209
Warning (10492): VHDL Process Statement warning at banco_registrador.vhd(38): signal "reg" is read inside the Process Statement but isn't in the Process Statement's sensitivity list File: D:/TestProcessador/AOC_Matheus_Kevin_UFRR_2020/PROCESSADOR/COMPONENTS/registers/banco_registrador.vhd Line: 38
Warning (10492): VHDL Process Statement warning at banco_registrador.vhd(38): signal "address_a" is read inside the Process Statement but isn't in the Process Statement's sensitivity list File: D:/TestProcessador/AOC_Matheus_Kevin_UFRR_2020/PROCESSADOR/COMPONENTS/registers/banco_registrador.vhd Line: 38
Warning (10492): VHDL Process Statement warning at banco_registrador.vhd(39): signal "reg" is read inside the Process Statement but isn't in the Process Statement's sensitivity list File: D:/TestProcessador/AOC_Matheus_Kevin_UFRR_2020/PROCESSADOR/COMPONENTS/registers/banco_registrador.vhd Line: 39
Warning (10492): VHDL Process Statement warning at banco_registrador.vhd(39): signal "address_b" is read inside the Process Statement but isn't in the Process Statement's sensitivity list File: D:/TestProcessador/AOC_Matheus_Kevin_UFRR_2020/PROCESSADOR/COMPONENTS/registers/banco_registrador.vhd Line: 39
Info (12128): Elaborating entity "sign_extension_2_8" for hierarchy "sign_extension_2_8:port_map_extensor_sinal_2_8" File: D:/TestProcessador/AOC_Matheus_Kevin_UFRR_2020/PROCESSADOR/processador_MK10.vhd Line: 210
Info (12128): Elaborating entity "multiplexador" for hierarchy "multiplexador:port_map_mult1_2x1_br_ula" File: D:/TestProcessador/AOC_Matheus_Kevin_UFRR_2020/PROCESSADOR/processador_MK10.vhd Line: 211
Info (12128): Elaborating entity "ula" for hierarchy "ula:port_map_ula" File: D:/TestProcessador/AOC_Matheus_Kevin_UFRR_2020/PROCESSADOR/processador_MK10.vhd Line: 212
Warning (10492): VHDL Process Statement warning at ula.vhd(44): signal "multi" is read inside the Process Statement but isn't in the Process Statement's sensitivity list File: D:/TestProcessador/AOC_Matheus_Kevin_UFRR_2020/PROCESSADOR/COMPONENTS/ula/ula.vhd Line: 44
Warning (10631): VHDL Process Statement warning at ula.vhd(35): inferring latch(es) for signal or variable "multi", which holds its previous value in one or more paths through the process File: D:/TestProcessador/AOC_Matheus_Kevin_UFRR_2020/PROCESSADOR/COMPONENTS/ula/ula.vhd Line: 35
Warning (10631): VHDL Process Statement warning at ula.vhd(35): inferring latch(es) for signal or variable "s_zero", which holds its previous value in one or more paths through the process File: D:/TestProcessador/AOC_Matheus_Kevin_UFRR_2020/PROCESSADOR/COMPONENTS/ula/ula.vhd Line: 35
Warning (10631): VHDL Process Statement warning at ula.vhd(35): inferring latch(es) for signal or variable "in_temp_zero", which holds its previous value in one or more paths through the process File: D:/TestProcessador/AOC_Matheus_Kevin_UFRR_2020/PROCESSADOR/COMPONENTS/ula/ula.vhd Line: 35
Info (10041): Inferred latch for "in_temp_zero" at ula.vhd(35) File: D:/TestProcessador/AOC_Matheus_Kevin_UFRR_2020/PROCESSADOR/COMPONENTS/ula/ula.vhd Line: 35
Info (10041): Inferred latch for "s_zero" at ula.vhd(35) File: D:/TestProcessador/AOC_Matheus_Kevin_UFRR_2020/PROCESSADOR/COMPONENTS/ula/ula.vhd Line: 35
Info (10041): Inferred latch for "multi[0]" at ula.vhd(35) File: D:/TestProcessador/AOC_Matheus_Kevin_UFRR_2020/PROCESSADOR/COMPONENTS/ula/ula.vhd Line: 35
Info (10041): Inferred latch for "multi[1]" at ula.vhd(35) File: D:/TestProcessador/AOC_Matheus_Kevin_UFRR_2020/PROCESSADOR/COMPONENTS/ula/ula.vhd Line: 35
Info (10041): Inferred latch for "multi[2]" at ula.vhd(35) File: D:/TestProcessador/AOC_Matheus_Kevin_UFRR_2020/PROCESSADOR/COMPONENTS/ula/ula.vhd Line: 35
Info (10041): Inferred latch for "multi[3]" at ula.vhd(35) File: D:/TestProcessador/AOC_Matheus_Kevin_UFRR_2020/PROCESSADOR/COMPONENTS/ula/ula.vhd Line: 35
Info (10041): Inferred latch for "multi[4]" at ula.vhd(35) File: D:/TestProcessador/AOC_Matheus_Kevin_UFRR_2020/PROCESSADOR/COMPONENTS/ula/ula.vhd Line: 35
Info (10041): Inferred latch for "multi[5]" at ula.vhd(35) File: D:/TestProcessador/AOC_Matheus_Kevin_UFRR_2020/PROCESSADOR/COMPONENTS/ula/ula.vhd Line: 35
Info (10041): Inferred latch for "multi[6]" at ula.vhd(35) File: D:/TestProcessador/AOC_Matheus_Kevin_UFRR_2020/PROCESSADOR/COMPONENTS/ula/ula.vhd Line: 35
Info (10041): Inferred latch for "multi[7]" at ula.vhd(35) File: D:/TestProcessador/AOC_Matheus_Kevin_UFRR_2020/PROCESSADOR/COMPONENTS/ula/ula.vhd Line: 35
Info (12128): Elaborating entity "zero" for hierarchy "ula:port_map_ula|zero:port_map_temp_zero" File: D:/TestProcessador/AOC_Matheus_Kevin_UFRR_2020/PROCESSADOR/COMPONENTS/ula/ula.vhd Line: 33
Info (12128): Elaborating entity "ram" for hierarchy "ram:port_map_ram" File: D:/TestProcessador/AOC_Matheus_Kevin_UFRR_2020/PROCESSADOR/processador_MK10.vhd Line: 213
Info (12128): Elaborating entity "sign_extension_4_8" for hierarchy "sign_extension_4_8:port_map_extensor_sinal_4_8" File: D:/TestProcessador/AOC_Matheus_Kevin_UFRR_2020/PROCESSADOR/processador_MK10.vhd Line: 215
Info (12128): Elaborating entity "p_and" for hierarchy "p_and:port_map_porta_and" File: D:/TestProcessador/AOC_Matheus_Kevin_UFRR_2020/PROCESSADOR/processador_MK10.vhd Line: 216
Info (276014): Found 2 instances of uninferred RAM logic
    Info (276004): RAM logic "ram:port_map_ram|memoria_ram" is uninferred due to inappropriate RAM size File: D:/TestProcessador/AOC_Matheus_Kevin_UFRR_2020/PROCESSADOR/COMPONENTS/memory_ram/ram.vhd Line: 32
    Info (276004): RAM logic "banco_registrador:port_map_banco_de_registradores|reg" is uninferred due to inappropriate RAM size File: D:/TestProcessador/AOC_Matheus_Kevin_UFRR_2020/PROCESSADOR/COMPONENTS/registers/banco_registrador.vhd Line: 28
Warning (14025): LATCH primitive "ula:port_map_ula|multi[0]" is permanently disabled File: D:/TestProcessador/AOC_Matheus_Kevin_UFRR_2020/PROCESSADOR/COMPONENTS/ula/ula.vhd Line: 35
Warning (14025): LATCH primitive "ula:port_map_ula|multi[1]" is permanently disabled File: D:/TestProcessador/AOC_Matheus_Kevin_UFRR_2020/PROCESSADOR/COMPONENTS/ula/ula.vhd Line: 35
Warning (14025): LATCH primitive "ula:port_map_ula|multi[2]" is permanently disabled File: D:/TestProcessador/AOC_Matheus_Kevin_UFRR_2020/PROCESSADOR/COMPONENTS/ula/ula.vhd Line: 35
Warning (14025): LATCH primitive "ula:port_map_ula|multi[3]" is permanently disabled File: D:/TestProcessador/AOC_Matheus_Kevin_UFRR_2020/PROCESSADOR/COMPONENTS/ula/ula.vhd Line: 35
Warning (14025): LATCH primitive "ula:port_map_ula|multi[4]" is permanently disabled File: D:/TestProcessador/AOC_Matheus_Kevin_UFRR_2020/PROCESSADOR/COMPONENTS/ula/ula.vhd Line: 35
Warning (14025): LATCH primitive "ula:port_map_ula|multi[5]" is permanently disabled File: D:/TestProcessador/AOC_Matheus_Kevin_UFRR_2020/PROCESSADOR/COMPONENTS/ula/ula.vhd Line: 35
Warning (14025): LATCH primitive "ula:port_map_ula|multi[6]" is permanently disabled File: D:/TestProcessador/AOC_Matheus_Kevin_UFRR_2020/PROCESSADOR/COMPONENTS/ula/ula.vhd Line: 35
Warning (14025): LATCH primitive "ula:port_map_ula|multi[7]" is permanently disabled File: D:/TestProcessador/AOC_Matheus_Kevin_UFRR_2020/PROCESSADOR/COMPONENTS/ula/ula.vhd Line: 35
Warning (13024): Output pins are stuck at VCC or GND
    Warning (13410): Pin "outRam[0]" is stuck at GND File: D:/TestProcessador/AOC_Matheus_Kevin_UFRR_2020/PROCESSADOR/processador_MK10.vhd Line: 11
    Warning (13410): Pin "outRam[1]" is stuck at GND File: D:/TestProcessador/AOC_Matheus_Kevin_UFRR_2020/PROCESSADOR/processador_MK10.vhd Line: 11
    Warning (13410): Pin "outRam[2]" is stuck at GND File: D:/TestProcessador/AOC_Matheus_Kevin_UFRR_2020/PROCESSADOR/processador_MK10.vhd Line: 11
    Warning (13410): Pin "outRam[3]" is stuck at GND File: D:/TestProcessador/AOC_Matheus_Kevin_UFRR_2020/PROCESSADOR/processador_MK10.vhd Line: 11
    Warning (13410): Pin "outRam[4]" is stuck at GND File: D:/TestProcessador/AOC_Matheus_Kevin_UFRR_2020/PROCESSADOR/processador_MK10.vhd Line: 11
    Warning (13410): Pin "outRam[5]" is stuck at GND File: D:/TestProcessador/AOC_Matheus_Kevin_UFRR_2020/PROCESSADOR/processador_MK10.vhd Line: 11
    Warning (13410): Pin "outRam[6]" is stuck at GND File: D:/TestProcessador/AOC_Matheus_Kevin_UFRR_2020/PROCESSADOR/processador_MK10.vhd Line: 11
    Warning (13410): Pin "outRam[7]" is stuck at GND File: D:/TestProcessador/AOC_Matheus_Kevin_UFRR_2020/PROCESSADOR/processador_MK10.vhd Line: 11
    Warning (13410): Pin "outRom[7]" is stuck at GND File: D:/TestProcessador/AOC_Matheus_Kevin_UFRR_2020/PROCESSADOR/processador_MK10.vhd Line: 13
    Warning (13410): Pin "outUla[0]" is stuck at GND File: D:/TestProcessador/AOC_Matheus_Kevin_UFRR_2020/PROCESSADOR/processador_MK10.vhd Line: 15
    Warning (13410): Pin "outUla[1]" is stuck at GND File: D:/TestProcessador/AOC_Matheus_Kevin_UFRR_2020/PROCESSADOR/processador_MK10.vhd Line: 15
    Warning (13410): Pin "outUla[2]" is stuck at GND File: D:/TestProcessador/AOC_Matheus_Kevin_UFRR_2020/PROCESSADOR/processador_MK10.vhd Line: 15
    Warning (13410): Pin "outUla[3]" is stuck at GND File: D:/TestProcessador/AOC_Matheus_Kevin_UFRR_2020/PROCESSADOR/processador_MK10.vhd Line: 15
    Warning (13410): Pin "outUla[4]" is stuck at GND File: D:/TestProcessador/AOC_Matheus_Kevin_UFRR_2020/PROCESSADOR/processador_MK10.vhd Line: 15
    Warning (13410): Pin "outUla[5]" is stuck at GND File: D:/TestProcessador/AOC_Matheus_Kevin_UFRR_2020/PROCESSADOR/processador_MK10.vhd Line: 15
    Warning (13410): Pin "outUla[6]" is stuck at GND File: D:/TestProcessador/AOC_Matheus_Kevin_UFRR_2020/PROCESSADOR/processador_MK10.vhd Line: 15
    Warning (13410): Pin "outUla[7]" is stuck at GND File: D:/TestProcessador/AOC_Matheus_Kevin_UFRR_2020/PROCESSADOR/processador_MK10.vhd Line: 15
    Warning (13410): Pin "out_br_regA[0]" is stuck at GND File: D:/TestProcessador/AOC_Matheus_Kevin_UFRR_2020/PROCESSADOR/processador_MK10.vhd Line: 17
    Warning (13410): Pin "out_br_regA[1]" is stuck at GND File: D:/TestProcessador/AOC_Matheus_Kevin_UFRR_2020/PROCESSADOR/processador_MK10.vhd Line: 17
    Warning (13410): Pin "out_br_regA[2]" is stuck at GND File: D:/TestProcessador/AOC_Matheus_Kevin_UFRR_2020/PROCESSADOR/processador_MK10.vhd Line: 17
    Warning (13410): Pin "out_br_regA[3]" is stuck at GND File: D:/TestProcessador/AOC_Matheus_Kevin_UFRR_2020/PROCESSADOR/processador_MK10.vhd Line: 17
    Warning (13410): Pin "out_br_regA[4]" is stuck at GND File: D:/TestProcessador/AOC_Matheus_Kevin_UFRR_2020/PROCESSADOR/processador_MK10.vhd Line: 17
    Warning (13410): Pin "out_br_regA[5]" is stuck at GND File: D:/TestProcessador/AOC_Matheus_Kevin_UFRR_2020/PROCESSADOR/processador_MK10.vhd Line: 17
    Warning (13410): Pin "out_br_regA[6]" is stuck at GND File: D:/TestProcessador/AOC_Matheus_Kevin_UFRR_2020/PROCESSADOR/processador_MK10.vhd Line: 17
    Warning (13410): Pin "out_br_regA[7]" is stuck at GND File: D:/TestProcessador/AOC_Matheus_Kevin_UFRR_2020/PROCESSADOR/processador_MK10.vhd Line: 17
    Warning (13410): Pin "out_br_regB[0]" is stuck at GND File: D:/TestProcessador/AOC_Matheus_Kevin_UFRR_2020/PROCESSADOR/processador_MK10.vhd Line: 18
    Warning (13410): Pin "out_br_regB[1]" is stuck at GND File: D:/TestProcessador/AOC_Matheus_Kevin_UFRR_2020/PROCESSADOR/processador_MK10.vhd Line: 18
    Warning (13410): Pin "out_br_regB[2]" is stuck at GND File: D:/TestProcessador/AOC_Matheus_Kevin_UFRR_2020/PROCESSADOR/processador_MK10.vhd Line: 18
    Warning (13410): Pin "out_br_regB[3]" is stuck at GND File: D:/TestProcessador/AOC_Matheus_Kevin_UFRR_2020/PROCESSADOR/processador_MK10.vhd Line: 18
    Warning (13410): Pin "out_br_regB[4]" is stuck at GND File: D:/TestProcessador/AOC_Matheus_Kevin_UFRR_2020/PROCESSADOR/processador_MK10.vhd Line: 18
    Warning (13410): Pin "out_br_regB[5]" is stuck at GND File: D:/TestProcessador/AOC_Matheus_Kevin_UFRR_2020/PROCESSADOR/processador_MK10.vhd Line: 18
    Warning (13410): Pin "out_br_regB[6]" is stuck at GND File: D:/TestProcessador/AOC_Matheus_Kevin_UFRR_2020/PROCESSADOR/processador_MK10.vhd Line: 18
    Warning (13410): Pin "out_br_regB[7]" is stuck at GND File: D:/TestProcessador/AOC_Matheus_Kevin_UFRR_2020/PROCESSADOR/processador_MK10.vhd Line: 18
    Warning (13410): Pin "out_opcode[3]" is stuck at GND File: D:/TestProcessador/AOC_Matheus_Kevin_UFRR_2020/PROCESSADOR/processador_MK10.vhd Line: 20
    Warning (13410): Pin "out_out_mult4_2X1_ram_ula[0]" is stuck at GND File: D:/TestProcessador/AOC_Matheus_Kevin_UFRR_2020/PROCESSADOR/processador_MK10.vhd Line: 25
    Warning (13410): Pin "out_out_mult4_2X1_ram_ula[1]" is stuck at GND File: D:/TestProcessador/AOC_Matheus_Kevin_UFRR_2020/PROCESSADOR/processador_MK10.vhd Line: 25
    Warning (13410): Pin "out_out_mult4_2X1_ram_ula[2]" is stuck at GND File: D:/TestProcessador/AOC_Matheus_Kevin_UFRR_2020/PROCESSADOR/processador_MK10.vhd Line: 25
    Warning (13410): Pin "out_out_mult4_2X1_ram_ula[3]" is stuck at GND File: D:/TestProcessador/AOC_Matheus_Kevin_UFRR_2020/PROCESSADOR/processador_MK10.vhd Line: 25
    Warning (13410): Pin "out_out_mult4_2X1_ram_ula[4]" is stuck at GND File: D:/TestProcessador/AOC_Matheus_Kevin_UFRR_2020/PROCESSADOR/processador_MK10.vhd Line: 25
    Warning (13410): Pin "out_out_mult4_2X1_ram_ula[5]" is stuck at GND File: D:/TestProcessador/AOC_Matheus_Kevin_UFRR_2020/PROCESSADOR/processador_MK10.vhd Line: 25
    Warning (13410): Pin "out_out_mult4_2X1_ram_ula[6]" is stuck at GND File: D:/TestProcessador/AOC_Matheus_Kevin_UFRR_2020/PROCESSADOR/processador_MK10.vhd Line: 25
    Warning (13410): Pin "out_out_mult4_2X1_ram_ula[7]" is stuck at GND File: D:/TestProcessador/AOC_Matheus_Kevin_UFRR_2020/PROCESSADOR/processador_MK10.vhd Line: 25
Info (286030): Timing-Driven Synthesis is running
Info (16010): Generating hard_block partition "hard_block:auto_generated_inst"
    Info (16011): Adding 0 node(s), including 0 DDIO, 0 PLL, 0 transceiver and 0 LCELL
Info (21057): Implemented 79 device resources after synthesis - the final resource count might be different
    Info (21058): Implemented 1 input pins
    Info (21059): Implemented 68 output pins
    Info (21061): Implemented 10 logic cells
Info: Quartus Prime Analysis & Synthesis was successful. 0 errors, 62 warnings
    Info: Peak virtual memory: 4848 megabytes
    Info: Processing ended: Fri Apr 30 14:02:19 2021
    Info: Elapsed time: 00:00:33
    Info: Total CPU time (on all processors): 00:00:48


